[www.eliseehouessenon.com/index.html]
[backblue.gif]
[fade.gif]
[index.html]
[www.eliseehouessenon.com/img/adeleye_ayodeji_dp_new.png]
[www.eliseehouessenon.com/css/bootstrap.min.css]
[www.eliseehouessenon.com/css/ionicons.css]
[www.eliseehouessenon.com/css/mobiriseicons.css]
[www.eliseehouessenon.com/css/owl.carousel.min.css]
[www.eliseehouessenon.com/css/splitting.css]
[www.eliseehouessenon.com/css/magnific-popup.css]
[www.eliseehouessenon.com/css/main.css]
[www.eliseehouessenon.com/css/responsive.css]
[stackpath.bootstrapcdn.com/font-awesome/4.7.0/css/font-awesome.min.css]
[unpkg.com/placeholder-loading/dist/css/placeholder-loading.min.a.delayed]
[unpkg.com/placeholder-loading@0.6.0/dist/css/placeholder-loading.min.css]
[www.google.com/recaptcha/apica31.js]
[www.eliseehouessenon.com/index-2.html]
[www.eliseehouessenon.com/img/logo-adeleye-w.png]
[www.eliseehouessenon.com/img/IMG_20200522_121756_834_2.jpg]
[www.eliseehouessenon.com/img/zigzag.svg]
[www.eliseehouessenon.com/img/logo-pde.webp]
[www.eliseehouessenon.com/img/play.png]
[www.eliseehouessenon.com/img/app-store-ipod-touch-apple-apple.jpg]
[www.eliseehouessenon.com/img/AQskill.com.png]
[www.eliseehouessenon.com/img/whichbrideisnext.png]
[www.eliseehouessenon.com/img/oshassociation.png]
[www.eliseehouessenon.com/img/Screenshot_2020-02-04 Maxfem Int'l Schools.jpg]
[www.eliseehouessenon.com/img/Screenshot_2020-02-04 BSTA Custom Tailor.png]
[www.eliseehouessenon.com/img/Screenshot_2020-02-04 Phronesis Foods .jpg]
[www.eliseehouessenon.com/img/Screenshot_2020-02-04 Home - Osho Ademola Joel.png]
[www.eliseehouessenon.com/moregit.html]
[www.eliseehouessenon.com/cdn-cgi/scripts/5c5dd728/cloudflare-static/email-decode.min.js]
[www.eliseehouessenon.com/js/vendor/jquery-1.12.4.min.js]
[www.eliseehouessenon.com/js/ajax-mail.js]
[www.eliseehouessenon.com/js/api.js]
[www.eliseehouessenon.com/js/plugins.js]
[www.eliseehouessenon.com/index.html]
[www.eliseehouessenon.com/css/bootstrap.min.css]
[www.eliseehouessenon.com/js/main.js]
[www.eliseehouessenon.com/fonts/ionicons790f790f.eot]
[www.eliseehouessenon.com/fonts/ionicons790f790f.ttf]
[www.eliseehouessenon.com/fonts/ionicons790f790f.woff]
[www.eliseehouessenon.com/css/ionicons.css]
[www.eliseehouessenon.com/fonts/ionicons790f790f.svg]
[www.eliseehouessenon.com/fonts/mobirise.eot]
[www.eliseehouessenon.com/fonts/mobirise.ttf]
[www.eliseehouessenon.com/fonts/mobirise.woff]
[www.eliseehouessenon.com/css/mobiriseicons.css]
[www.eliseehouessenon.com/fonts/mobirise.svg]
[www.eliseehouessenon.com/css/owl.carousel.min.css]
[www.eliseehouessenon.com/css/splitting.css]
[www.eliseehouessenon.com/css/magnific-popup.css]
[www.eliseehouessenon.com/css/owl.video.play.html]
[www.eliseehouessenon.com/img/dot-light.png]
[www.eliseehouessenon.com/css/main.css]
[www.eliseehouessenon.com/css/responsive.css]
[stackpath.bootstrapcdn.com/font-awesome/4.7.0/css/font-awesome.min.css]
[unpkg.com/placeholder-loading@0.6.0/dist/css/placeholder-loading.min.css]
[www.eliseehouessenon.com/index-2.html]
[www.eliseehouessenon.com/img/zigzag.svg]
[www.eliseehouessenon.com/moregit.html]
[www.eliseehouessenon.com/fonts/ionicons790f790f.svg]
[www.eliseehouessenon.com/fonts/mobirise.svg]
[www.eliseehouessenon.com/css/owl.video.play.html]
